
> finbase-v5@0.1.0 build
> vite build

[36mvite v6.3.5 [32mbuilding for production...[36m[39m
transforming...

warn - The class `ease-[cubic-bezier(0.2,1,0.3,1)]` is ambiguous and matches multiple utilities.
warn - If this is content and not a class, replace it with `ease-&lsqb;cubic-bezier(0.2,1,0.3,1)&rsqb;` to silence this warning.

/mesh-grid.svg referenced in /mesh-grid.svg didn't resolve at build time, it will remain unchanged to be resolved at runtime
[32mΓ£ô[39m 14 modules transformed.
Γ£ù Build failed in 1.86s
error during build:
[vite:esbuild] Transform failed with 2 errors:
C:/Users/sijok/OneDrive/Desktop/GitHub/Finbasev50-3/src/components/LiabilityTab.tsx:275:7: ERROR: The character "}" is not valid inside a JSX element
C:/Users/sijok/OneDrive/Desktop/GitHub/Finbasev50-3/src/components/LiabilityTab.tsx:600:7: ERROR: Expected "}" but found ";"
file: C:/Users/sijok/OneDrive/Desktop/GitHub/Finbasev50-3/src/components/LiabilityTab.tsx:275:7

The character "}" is not valid inside a JSX element
273|              </div>
274|            </div>
275|        )}
   |         ^
276|  
277|            {/* Header - Standardized Layout */}

Expected "}" but found ";"
598|            </Dialog>
599|          </div>
600|        );
   |         ^
601|  }

    at failureErrorWithLog (C:\Users\sijok\OneDrive\Desktop\GitHub\Finbasev50-3\node_modules\esbuild\lib\main.js:1467:15)
    at C:\Users\sijok\OneDrive\Desktop\GitHub\Finbasev50-3\node_modules\esbuild\lib\main.js:736:50
    at responseCallbacks.<computed> (C:\Users\sijok\OneDrive\Desktop\GitHub\Finbasev50-3\node_modules\esbuild\lib\main.js:603:9)
    at handleIncomingPacket (C:\Users\sijok\OneDrive\Desktop\GitHub\Finbasev50-3\node_modules\esbuild\lib\main.js:658:12)
    at Socket.readFromStdout (C:\Users\sijok\OneDrive\Desktop\GitHub\Finbasev50-3\node_modules\esbuild\lib\main.js:581:7)
    at Socket.emit (node:events:508:28)
    at addChunk (node:internal/streams/readable:559:12)
    at readableAddChunkPushByteMode (node:internal/streams/readable:510:3)
    at Readable.push (node:internal/streams/readable:390:5)
    at Pipe.onStreamRead (node:internal/stream_base_commons:189:23)
